// Jest Snapshot v1, https://goo.gl/fbAQLP

exports[`VariantList should return variants 1`] = `
<div
  className="row"
>
  <div>
    01:00
  </div>
  <div>
    02:00
  </div>
</div>
`;
