// Jest Snapshot v1, https://goo.gl/fbAQLP

exports[`Variant should return variant 1`] = `
<div
  className="variants col-sm"
>
  <a
    href="#"
    onClick={[Function]}
  >
    01:00
  </a>
</div>
`;
