// Jest Snapshot v1, https://goo.gl/fbAQLP

exports[`Time should return formatted time 1`] = `
<div
  className="row"
>
  <div
    className="col currentTime"
  >
    <a
      href="url"
    />
  </div>
</div>
`;
